Updating project

Version main
-------------


Parsing Foo\Foo total: 19 errors
Parsing Models\LaravelModel total: 20 errors
Parsing IPv4Address total: 20 errors
Parsing SuperCoolLibrary\Meta total: 20 errors
Parsing Net_Sample total: 22 errors
Parsing done

Rendering Global index.html
Rendering Global doc-index.html
Rendering Global namespaces.html
Rendering Global classes.html
Rendering Global interfaces.html
Rendering Global traits.html
Rendering Global opensearch.xml
Rendering Global search.html
Rendering Global doctum.js
Rendering Namespace [Global Namespace]
Rendering Namespace Foo
Rendering Namespace Illuminate
Rendering Namespace Illuminate\Database
Rendering Namespace Illuminate\Database\Eloquent
Rendering Namespace Models
Rendering Namespace SuperCoolLibrary
Rendering Class Foo\Foo
Rendering Class IPv4Address
Rendering Class Illuminate\Database\Eloquent\Builder
Rendering Class Models\LaravelModel
Rendering Class Net_Sample
Rendering Class SuperCoolLibrary\Meta
Rendering done


 Version    Updated C    Removed C 
     main            6            0


 Version    Updated C    Updated N    Removed C    Removed N 
     main            6            7            0            0

