
In Command.php line 159:

  Configuration file "%s./doctum-error.conf.php" does not exist.


update [--only-version ONLY-VERSION] [--force] [--output-format OUTPUT-FORMAT] [--no-progress] [--ignore-parse-errors] [--] <config>
