Updating project

Version main
------------


Parsing done

Rendering Global index.html
Rendering Global doc-index.html
Rendering Global namespaces.html
Rendering Global classes.html
Rendering Global interfaces.html
Rendering Global traits.html
Rendering Global opensearch.xml
Rendering Global search.html
Rendering Global doctum.js
Rendering Namespace Foo
Rendering Namespace Models
Rendering Class Foo\Foo
Rendering Class Models\LaravelModel
Rendering done


 Version    Updated C    Removed C 
     main            2            0


 Version    Updated C    Updated N    Removed C    Removed N 
     main            2            2            0            0
